2026-04-10 16:46:14,905 [INFO ]  Logging file is ./checkpoints/tinylic/3//20260410_164614.log
2026-04-10 16:46:14,905 [INFO ]  ======================= 2026-04-10_16_46_14 =======================
2026-04-10 16:46:14,905 [INFO ]  model:tinylic
2026-04-10 16:46:14,905 [INFO ]  dataset:/home/kneehaw/datasets/ImageNet/
2026-04-10 16:46:14,905 [INFO ]  epochs:400
2026-04-10 16:46:14,905 [INFO ]  learning_rate:0.0001
2026-04-10 16:46:14,905 [INFO ]  num_workers:4
2026-04-10 16:46:14,905 [INFO ]  quality_level:3
2026-04-10 16:46:14,905 [INFO ]  lmbda:0.01
2026-04-10 16:46:14,905 [INFO ]  batch_size:16
2026-04-10 16:46:14,905 [INFO ]  test_batch_size:1
2026-04-10 16:46:14,905 [INFO ]  aux_learning_rate:0.001
2026-04-10 16:46:14,905 [INFO ]  patch_size:(256, 256)
2026-04-10 16:46:14,905 [INFO ]  cuda:False
2026-04-10 16:46:14,905 [INFO ]  gpu_id:0
2026-04-10 16:46:14,905 [INFO ]  save:True
2026-04-10 16:46:14,906 [INFO ]  seed:None
2026-04-10 16:46:14,906 [INFO ]  clip_max_norm:1.0
2026-04-10 16:46:14,906 [INFO ]  name:2026-04-10_16_46_14
2026-04-10 16:46:14,906 [INFO ]  checkpoint:None
2026-04-10 16:46:14,906 [INFO ]  ===================================================================
2026-04-10 16:46:25,112 [INFO ]  ======Current epoch 0 ======
2026-04-10 16:46:25,112 [INFO ]  Learning rate: 0.0001
