2026-04-10 13:19:23,463 [INFO ]  Logging file is ./checkpoints/tinylic/3//20260410_131923.log
2026-04-10 13:19:23,463 [INFO ]  ======================= 2026-04-10_13_19_23 =======================
2026-04-10 13:19:23,463 [INFO ]  model:tinylic
2026-04-10 13:19:23,463 [INFO ]  dataset:tinylic
2026-04-10 13:19:23,463 [INFO ]  epochs:400
2026-04-10 13:19:23,463 [INFO ]  learning_rate:0.0001
2026-04-10 13:19:23,463 [INFO ]  num_workers:4
2026-04-10 13:19:23,463 [INFO ]  quality_level:3
2026-04-10 13:19:23,463 [INFO ]  lmbda:0.01
2026-04-10 13:19:23,463 [INFO ]  batch_size:16
2026-04-10 13:19:23,463 [INFO ]  test_batch_size:1
2026-04-10 13:19:23,463 [INFO ]  aux_learning_rate:0.001
2026-04-10 13:19:23,463 [INFO ]  patch_size:(256, 256)
2026-04-10 13:19:23,463 [INFO ]  cuda:False
2026-04-10 13:19:23,463 [INFO ]  gpu_id:0
2026-04-10 13:19:23,463 [INFO ]  save:True
2026-04-10 13:19:23,463 [INFO ]  seed:None
2026-04-10 13:19:23,463 [INFO ]  clip_max_norm:1.0
2026-04-10 13:19:23,463 [INFO ]  name:2026-04-10_13_19_23
2026-04-10 13:19:23,464 [INFO ]  checkpoint:None
2026-04-10 13:19:23,464 [INFO ]  ===================================================================
